I'm sorry, but errors were detected in your script. Please correct the
errors listed below, and try again.


File "game/chapters/chapter1.rpy", line 40: expected end of line
    play sound steps from right
                     ^

Ren'Py Version: Ren'Py 8.3.2.24090902
Sat Dec  7 17:00:33 2024
